Microchip MPLAB XC8 Compiler V3.10

Linker command line:

-W-3 \
  --edf=C:\Program Files\Microchip\xc8\v3.10\pic\dat\20250813170317_en.msgs \
  -cn -h+dist/default/debug\1459_i2c.X.debug.sym \
  --cmf=dist/default/debug\1459_i2c.X.debug.cmf -z -Q16F1459 \
  -oC:\Users\norman\AppData\Local\Temp\xcAsadw.0\driver_tmp_3.o \
  --defsym=__MPLAB_BUILD=1 --fixupoverflow=error \
  -Mdist/default/debug/1459_i2c.X.debug.map \
  --md=C:\Users\norman\AppData\Local\Temp\xcAsadw.0\driver_tmp_0.dat -E1 \
  -ver=XC8 Compiler -ACODE=00h-07FFhx4 -ASTRCODE=00h-01FFFh \
  -ASTRING=00h-0FFhx32 -ACONST=00h-0FFhx32 -AENTRY=00h-0FFhx32 \
  -ACOMMON=070h-07Fh -ABANK0=020h-06Fh -ABANK1=0A0h-0EFh \
  -ABANK2=0120h-016Fh -ABANK3=01A0h-01EFh -ABANK4=0220h-026Fh \
  -ABANK5=02A0h-02EFh -ABANK6=0320h-036Fh -ABANK7=03A0h-03EFh \
  -ABANK8=0420h-046Fh -ABANK9=04A0h-04EFh -ABANK10=0520h-056Fh \
  -ABANK11=05A0h-05EFh -ABANK12=0620h-064Fh -ABIGRAM=02000h-023EFh \
  -ARAM=020h-06Fh,0A0h-0EFh,0120h-016Fh,01A0h-01EFh,0220h-026Fh,02A0h-02EFh,0320h-036Fh,03A0h-03EFh,0420h-046Fh,04A0h-04EFh,0520h-056Fh,05A0h-05EFh,0620h-064Fh \
  -AABS1=020h-07Fh,0A0h-0EFh,0120h-016Fh,01A0h-01EFh,0220h-026Fh,02A0h-02EFh,0320h-036Fh,03A0h-03EFh,0420h-046Fh,04A0h-04EFh,0520h-056Fh,05A0h-05EFh,0620h-064Fh \
  -ASFR0=00h-01Fh -ASFR1=080h-09Fh -ASFR2=0100h-011Fh -ASFR3=0180h-019Fh \
  -ASFR4=0200h-021Fh -ASFR5=0280h-029Fh -ASFR6=0300h-031Fh \
  -ASFR7=0380h-039Fh -ASFR8=0400h-041Fh -ASFR9=0480h-049Fh \
  -ASFR10=0500h-051Fh -ASFR11=0580h-059Fh -ASFR12=0600h-061Fh \
  -ASFR13=0680h-06EFh -ASFR14=0700h-076Fh -ASFR15=0780h-07EFh \
  -ASFR16=0800h-086Fh -ASFR17=0880h-08EFh -ASFR18=0900h-096Fh \
  -ASFR19=0980h-09EFh -ASFR20=0A00h-0A6Fh -ASFR21=0A80h-0AEFh \
  -ASFR22=0B00h-0B6Fh -ASFR23=0B80h-0BEFh -ASFR24=0C00h-0C6Fh \
  -ASFR25=0C80h-0CEFh -ASFR26=0D00h-0D6Fh -ASFR27=0D80h-0DEFh \
  -ASFR28=0E00h-0E6Fh -ASFR29=0E80h-0EEFh -ASFR30=0F00h-0F6Fh \
  -ASFR31=0F80h-0FEFh -ACONFIG=08007h-08008h -DCONFIG=2 \
  -AIDLOC=08000h-08003h -DIDLOC=2 -DCODE=2 -DSTRCODE=2 -DSTRING=2 -DCONST=2 \
  -DENTRY=2 -preset_vec=00h,intentry=04h,sivt,init,end_init -ppowerup=CODE \
  -pcinit=CODE -pfunctab=ENTRY -k \
  C:\Users\norman\AppData\Local\Temp\xcAsadw.0\driver_tmp_12.o \
  dist/default/debug\1459_i2c.X.debug.o 

Object code version is 3.11

Machine type is 16F1459



                Name                               Link     Load   Length Selector   Space Scale
C:\Users\norman\AppData\Local\Temp\xcAsadw.0\driver_tmp_12.o
                end_init                             2B       2B        2        8       0
                reset_vec                             0        0        3        0       0
                config                             8007     8007        2        0       4
dist/default/debug\1459_i2c.X.debug.o
                cinit                                2D       2D       30        8       0
                intentry                              4        4       27        8       0
                config                             8007     8007        2        0       4
                text44                              509      509        4      90A       0
                text43                              525      525        3      90A       0
                text42                              522      522        3      90A       0
                text41                              505      505        4      90A       0
                text40                              406      406       15        8       0
                text39                              51F      51F        3      90A       0
                text38                              501      501        4      90A       0
                text37                              51C      51C        3      90A       0
                text36                              4FD      4FD        4      90A       0
                text35                              4F9      4F9        4      90A       0
                text34                              519      519        3      90A       0
                text33                              516      516        3      90A       0
                text32                              4E0      4E0        5      90A       0
                text31                              513      513        3      90A       0
                text30                              355      355       2D        8       0
                text29                              4F5      4F5        4      90A       0
                text28                              48D      48D        8      90A       0
                text27                              4AA      4AA        7      90A       0
                text26                              31B      31B       3A        8       0
                text25                              4D5      4D5        6      90A       0
                text24                              4CF      4CF        6      90A       0
                text23                              485      485        8      90A       0
                text22                              4A3      4A3        7      90A       0
                text21                              3CE      3CE       1D        8       0
                text20                              4F1      4F1        4      90A       0
                text19                              49C      49C        7      90A       0
                text18                              4DB      4DB        5      90A       0
                text17                              4C9      4C9        6      90A       0
                text16                              2CD      2CD       4E        8       0
                text15                              4ED      4ED        4      90A       0
                text13                              510      510        3      90A       0
                text12                              50D      50D        3      90A       0
                text11                              495      495        7      90A       0
                text10                              382      382       2B        8       0
                text9                               474      474        9      882       0
                text8                               4E9      4E9        4      90A       0
                text7                               441      441        F      882       0
                text6                               4C3      4C3        6      90A       0
                text5                               469      469        B      882       0
                text4                               3AD      3AD       21        8       0
                text3                               450      450        D      882       0
                text2                               271      271       5C        8       0
                text1                               3EB      3EB       1B        8       0
                maintext                             5D       5D      214        8       0
                cstackBANK0                          2C       2C        C       20       1
                cstackCOMMON                         70       70        6       70       1
                cstackBANK2                         120      120       3A      120       1
                clrtext                             4BD      4BD        6      90A       0
                inittext                            4B7      4B7        6      90A       0
                dataBANK1                            D0       D0        6       A0       1
                bssBANK1                             A0       A0       30       A0       1
                dataBANK0                            20       20        C       20       1
                dataCOMMON                           76       76        4       70       1
                stringtext3                         47D      47D        8      8FA       0
                nvBANK1                              D6       D6        2       A0       1
                stringtext2                         42F      42F       12      836       0
                stringtext1                         41B      41B       14      836       0
                idataBANK1                          4B1      4B1        6      90A       0
                idataBANK0                          45D      45D        C      882       0
                idataCOMMON                         4E5      4E5        4      90A       0

TOTAL           Name                               Link     Load   Length     Space
        CLASS   CODE           
                end_init                             2B       2B        2         0
                cinit                                2D       2D       30         0
                intentry                              4        4       27         0
                reset_vec                             0        0        3         0
                text44                              509      509        4         0
                text43                              525      525        3         0
                text42                              522      522        3         0
                text41                              505      505        4         0
                text40                              406      406       15         0
                text39                              51F      51F        3         0
                text38                              501      501        4         0
                text37                              51C      51C        3         0
                text36                              4FD      4FD        4         0
                text35                              4F9      4F9        4         0
                text34                              519      519        3         0
                text33                              516      516        3         0
                text32                              4E0      4E0        5         0
                text31                              513      513        3         0
                text30                              355      355       2D         0
                text29                              4F5      4F5        4         0
                text28                              48D      48D        8         0
                text27                              4AA      4AA        7         0
                text26                              31B      31B       3A         0
                text25                              4D5      4D5        6         0
                text24                              4CF      4CF        6         0
                text23                              485      485        8         0
                text22                              4A3      4A3        7         0
                text21                              3CE      3CE       1D         0
                text20                              4F1      4F1        4         0
                text19                              49C      49C        7         0
                text18                              4DB      4DB        5         0
                text17                              4C9      4C9        6         0
                text16                              2CD      2CD       4E         0
                text15                              4ED      4ED        4         0
                text13                              510      510        3         0
                text12                              50D      50D        3         0
                text11                              495      495        7         0
                text10                              382      382       2B         0
                text9                               474      474        9         0
                text8                               4E9      4E9        4         0
                text7                               441      441        F         0
                text6                               4C3      4C3        6         0
                text5                               469      469        B         0
                text4                               3AD      3AD       21         0
                text3                               450      450        D         0
                text2                               271      271       5C         0
                text1                               3EB      3EB       1B         0
                maintext                             5D       5D      214         0
                clrtext                             4BD      4BD        6         0
                inittext                            4B7      4B7        6         0
                idataBANK1                          4B1      4B1        6         0
                idataBANK0                          45D      45D        C         0
                idataCOMMON                         4E5      4E5        4         0

        CLASS   STRCODE        
                stringtext3                         47D      47D        8         0
                stringtext2                         42F      42F       12         0
                stringtext1                         41B      41B       14         0

        CLASS   STRING         

        CLASS   CONST          

        CLASS   ENTRY          

        CLASS   COMMON         
                cstackCOMMON                         70       70        6         1
                dataCOMMON                           76       76        4         1

        CLASS   BANK0          
                cstackBANK0                          2C       2C        C         1
                dataBANK0                            20       20        C         1

        CLASS   BANK1          
                dataBANK1                            D0       D0        6         1
                bssBANK1                             A0       A0       30         1
                nvBANK1                              D6       D6        2         1

        CLASS   BANK2          
                cstackBANK2                         120      120       3A         1

        CLASS   BANK3          

        CLASS   BANK4          

        CLASS   BANK5          

        CLASS   BANK6          

        CLASS   BANK7          

        CLASS   BANK8          

        CLASS   BANK9          

        CLASS   BANK10         

        CLASS   BANK11         

        CLASS   BANK12         

        CLASS   BIGRAM         

        CLASS   RAM            

        CLASS   ABS1           
                abs_s1                               7E       7E        2         1

        CLASS   SFR0           

        CLASS   SFR1           

        CLASS   SFR2           

        CLASS   SFR3           

        CLASS   SFR4           

        CLASS   SFR5           

        CLASS   SFR6           

        CLASS   SFR7           

        CLASS   SFR8           

        CLASS   SFR9           

        CLASS   SFR10          

        CLASS   SFR11          

        CLASS   SFR12          

        CLASS   SFR13          

        CLASS   SFR14          

        CLASS   SFR15          

        CLASS   SFR16          

        CLASS   SFR17          

        CLASS   SFR18          

        CLASS   SFR19          

        CLASS   SFR20          

        CLASS   SFR21          

        CLASS   SFR22          

        CLASS   SFR23          

        CLASS   SFR24          

        CLASS   SFR25          

        CLASS   SFR26          

        CLASS   SFR27          

        CLASS   SFR28          

        CLASS   SFR29          

        CLASS   SFR30          

        CLASS   SFR31          

        CLASS   CONFIG         
                config                             8007     8007        2         4

        CLASS   IDLOC          

        CLASS   BANK31         

        CLASS   BANK30         

        CLASS   BANK29         

        CLASS   BANK28         

        CLASS   BANK27         

        CLASS   BANK26         

        CLASS   BANK25         

        CLASS   BANK24         

        CLASS   BANK23         

        CLASS   BANK22         

        CLASS   BANK21         

        CLASS   BANK20         

        CLASS   BANK19         

        CLASS   BANK18         

        CLASS   BANK17         

        CLASS   BANK16         

        CLASS   BANK15         

        CLASS   BANK14         

        CLASS   BANK13         

        CLASS   HEAP           

        CLASS   STACK          

        CLASS   EEDATA         



SEGMENTS        Name                           Load    Length   Top    Selector   Space  Class     Delta

                reset_vec                      000000  000003  000003         0       0  CODE        2
                intentry                       000004  000417  00041B         8       0  CODE        2
                dataBANK0                      000020  000018  000038        20       1  BANK0       1
                cstackCOMMON                   000070  00000A  00007A        70       1  COMMON      1
                bssBANK1                       0000A0  000038  0000D8        A0       1  BANK1       1
                cstackBANK2                    000120  00003A  00015A       120       1  BANK2       1
                stringtext1                    00041B  000026  000441       836       0  STRCODE     2
                text7                          000441  00003C  00047D       882       0  CODE        2
                stringtext3                    00047D  000008  000485       8FA       0  STRCODE     2
                text23                         000485  0000A3  000528       90A       0  CODE        2


UNUSED ADDRESS RANGES

        Name                Unused          Largest block    Delta
        BANK0            00038-0006F              38           1
        BANK1            000D8-000EF              18           1
        BANK10           00520-0056F              50           1
        BANK11           005A0-005EF              50           1
        BANK12           00620-0064F              30           1
        BANK2            0015A-0016F              16           1
        BANK3            001A0-001EF              50           1
        BANK4            00220-0026F              50           1
        BANK5            002A0-002EF              50           1
        BANK6            00320-0036F              50           1
        BANK7            003A0-003EF              50           1
        BANK8            00420-0046F              50           1
        BANK9            004A0-004EF              50           1
        BIGRAM           02000-023EF             3F0           1
        CODE             00003-00003               1           2
                         00528-01FFF             800
        COMMON           0007A-0007D               4           1
        CONST            00003-00003               1           2
                         00528-01FFF             100
        ENTRY            00003-00003               1           2
                         00528-01FFF             100
        IDLOC            08000-08003               4           2
        RAM              00038-0006F              38           1
                         000D8-000EF              18
                         0015A-0016F              16
                         001A0-001EF              50
                         00220-0026F              50
                         002A0-002EF              50
                         00320-0036F              50
                         003A0-003EF              50
                         00420-0046F              50
                         004A0-004EF              50
                         00520-0056F              50
                         005A0-005EF              50
                         00620-0064F              30
        SFR0             00000-0001F              20           1
        SFR1             00080-0009F              20           1
        SFR10            00500-0051F              20           1
        SFR11            00580-0059F              20           1
        SFR12            00600-0061F              20           1
        SFR13            00680-006EF              70           1
        SFR14            00700-0076F              70           1
        SFR15            00780-007EF              70           1
        SFR16            00800-0086F              70           1
        SFR17            00880-008EF              70           1
        SFR18            00900-0096F              70           1
        SFR19            00980-009EF              70           1
        SFR2             00100-0011F              20           1
        SFR20            00A00-00A6F              70           1
        SFR21            00A80-00AEF              70           1
        SFR22            00B00-00B6F              70           1
        SFR23            00B80-00BEF              70           1
        SFR24            00C00-00C6F              70           1
        SFR25            00C80-00CEF              70           1
        SFR26            00D00-00D6F              70           1
        SFR27            00D80-00DEF              70           1
        SFR28            00E00-00E6F              70           1
        SFR29            00E80-00EEF              70           1
        SFR3             00180-0019F              20           1
        SFR30            00F00-00F6F              70           1
        SFR31            00F80-00FEF              70           1
        SFR4             00200-0021F              20           1
        SFR5             00280-0029F              20           1
        SFR6             00300-0031F              20           1
        SFR7             00380-0039F              20           1
        SFR8             00400-0041F              20           1
        SFR9             00480-0049F              20           1
        STRCODE          00003-00003               1           2
                         00528-01FFF            1AD8
        STRING           00003-00003               1           2
                         00528-01FFF             100

                                  Symbol Table

?___awdiv                                cstackBANK0  0002C
?_strlen                                 cstackCOMMON 00074
I2C1_DataTransmit@data                   cstackCOMMON 00070
I2C1_EVENT_ERROR@retEventState           cstackCOMMON 00070
I2C1_EVENT_NACK@retEventState            cstackCOMMON 00070
I2C1_EVENT_RX@retEventState              cstackCOMMON 00070
I2C1_EVENT_TX@retEventState              cstackCOMMON 00071
I2C1_Write@address                       cstackBANK0  0002F
I2C1_Write@data                          cstackBANK0  00031
I2C1_Write@dataLength                    cstackBANK0  00032
INT_SetInterruptHandler@InterruptHandler cstackCOMMON 00074
_ACTCON                                  (abs)        0039B
_ANSELA                                  (abs)        0018C
_ANSELB                                  (abs)        0018D
_ANSELC                                  (abs)        0018E
_BORCON                                  (abs)        00116
_CLOCK_Initialize                        text9        00474
_I2C1_AckSend                            text38       00501
_I2C1_BusReset                           text44       00509
_I2C1_Callback                           bssBANK1     000CE
_I2C1_CallbackRegister                   (abs)        00000
_I2C1_Close                              text40       00406
_I2C1_DataReceive                        text37       0051C
_I2C1_DataTransmit                       text32       004E0
_I2C1_Deinitialize                       (abs)        00000
_I2C1_ERROR_ISR                          text20       004F1
_I2C1_EVENT_ERROR                        text24       004CF
_I2C1_EVENT_IDLE                         text29       004F5
_I2C1_EVENT_NACK                         text25       004D5
_I2C1_EVENT_RESET                        text22       004A3
_I2C1_EVENT_RX                           text26       0031B
_I2C1_EVENT_SEND_RD_ADDR                 text28       0048D
_I2C1_EVENT_SEND_WR_ADDR                 text27       004AA
_I2C1_EVENT_STOP                         text23       00485
_I2C1_EVENT_TX                           text30       00355
_I2C1_ErrorEventHandler                  text21       003CE
_I2C1_ErrorGet                           (abs)        00000
_I2C1_ErrorInterruptClear                text43       00525
_I2C1_EventHandler                       text16       002CD
_I2C1_ISR                                text15       004ED
_I2C1_Initialize                         text7        00441
_I2C1_InterruptClear                     text42       00522
_I2C1_InterruptsEnable                   text8        004E9
_I2C1_IsAddr                             text19       0049C
_I2C1_IsBusy                             text13       00510
_I2C1_IsData                             text18       004DB
_I2C1_IsNack                             text17       004C9
_I2C1_IsRxBufFull                        text36       004FD
_I2C1_NackSend                           text35       004F9
_I2C1_Read                               (abs)        00000
_I2C1_ReceiveEnable                      text34       00519
_I2C1_RestartDisable                     text33       00516
_I2C1_RestartEnable                      text31       00513
_I2C1_StartSend                          text12       0050D
_I2C1_StatusFlagsClear                   text41       00505
_I2C1_StopSend                           text39       0051F
_I2C1_Write                              text10       00382
_I2C1_WriteRead                          (abs)        00000
_I2C1_WriteStart                         text11       00495
_INTCONbits                              (abs)        0000B
_INTERRUPT_Initialize                    text5        00469
_INTERRUPT_InterruptManager              intentry     00004
_INT_DefaultInterruptHandler             (abs)        00000
_INT_InterruptHandler                    nvBANK1      000D6
_INT_SetInterruptHandler                 text6        004C3
_IOCAF                                   (abs)        00393
_IOCAN                                   (abs)        00392
_IOCAP                                   (abs)        00391
_IOCBF                                   (abs)        00396
_IOCBN                                   (abs)        00395
_IOCBP                                   (abs)        00394
_LATA                                    (abs)        0010C
_LATB                                    (abs)        0010D
_LATBbits                                (abs)        0010D
_LATC                                    (abs)        0010E
_OPTION_REGbits                          (abs)        00095
_OSCCON                                  (abs)        00099
_OSCTUNE                                 (abs)        00098
_PIE1bits                                (abs)        00091
_PIE2bits                                (abs)        00092
_PIN_MANAGER_Initialize                  text4        003AD
_PIR1bits                                (abs)        00011
_PIR2bits                                (abs)        00012
_SSP1ADD                                 (abs)        00212
_SSP1BUF                                 (abs)        00211
_SSP1CON1                                (abs)        00215
_SSP1CON1bits                            (abs)        00215
_SSP1CON2                                (abs)        00216
_SSP1CON2bits                            (abs)        00216
_SSP1CON3                                (abs)        00217
_SSP1STAT                                (abs)        00214
_SSP1STATbits                            (abs)        00214
_SYSTEM_Initialize                       text3        00450
_TRISA                                   (abs)        0008C
_TRISB                                   (abs)        0008D
_TRISC                                   (abs)        0008E
_WPUA                                    (abs)        0020C
_WPUB                                    (abs)        0020D
__H__absolute__                          __absolute__ 00000
__Habs1                                  abs1         00000
__Hbank0                                 bank0        00000
__Hbank1                                 bank1        00000
__Hbank10                                bank10       00000
__Hbank11                                bank11       00000
__Hbank12                                bank12       00000
__Hbank13                                bank13       00000
__Hbank14                                bank14       00000
__Hbank15                                bank15       00000
__Hbank16                                bank16       00000
__Hbank17                                bank17       00000
__Hbank18                                bank18       00000
__Hbank19                                bank19       00000
__Hbank2                                 bank2        00000
__Hbank20                                bank20       00000
__Hbank21                                bank21       00000
__Hbank22                                bank22       00000
__Hbank23                                bank23       00000
__Hbank24                                bank24       00000
__Hbank25                                bank25       00000
__Hbank26                                bank26       00000
__Hbank27                                bank27       00000
__Hbank28                                bank28       00000
__Hbank29                                bank29       00000
__Hbank3                                 bank3        00000
__Hbank30                                bank30       00000
__Hbank31                                bank31       00000
__Hbank4                                 bank4        00000
__Hbank5                                 bank5        00000
__Hbank6                                 bank6        00000
__Hbank7                                 bank7        00000
__Hbank8                                 bank8        00000
__Hbank9                                 bank9        00000
__Hbigram                                bigram       00000
__HbssBANK1                              bssBANK1     00000
__Hcinit                                 cinit        0005D
__Hclrtext                               clrtext      00000
__Hcode                                  code         00000
__Hcommon                                common       00000
__Hconfig                                config       08009
__HcstackBANK0                           cstackBANK0  00000
__HcstackBANK2                           cstackBANK2  00000
__HcstackCOMMON                          cstackCOMMON 00000
__HdataBANK0                             dataBANK0    00000
__HdataBANK1                             dataBANK1    00000
__HdataCOMMON                            dataCOMMON   00000
__Heeprom_data                           eeprom_data  00000
__Hend_init                              end_init     0002D
__Hfunctab                               functab      00000
__Hheap                                  heap         00000
__HidataBANK0                            idataBANK0   00000
__HidataBANK1                            idataBANK1   00000
__HidataCOMMON                           idataCOMMON  00000
__Hinit                                  init         0002B
__Hinittext                              inittext     00000
__Hintentry                              intentry     0002B
__Hmaintext                              maintext     00000
__HnvBANK1                               nvBANK1      00000
__Hpowerup                               powerup      00000
__Hram                                   ram          00000
__Hreset_vec                             reset_vec    00003
__Hsfr0                                  sfr0         00000
__Hsfr1                                  sfr1         00000
__Hsfr10                                 sfr10        00000
__Hsfr11                                 sfr11        00000
__Hsfr12                                 sfr12        00000
__Hsfr13                                 sfr13        00000
__Hsfr14                                 sfr14        00000
__Hsfr15                                 sfr15        00000
__Hsfr16                                 sfr16        00000
__Hsfr17                                 sfr17        00000
__Hsfr18                                 sfr18        00000
__Hsfr19                                 sfr19        00000
__Hsfr2                                  sfr2         00000
__Hsfr20                                 sfr20        00000
__Hsfr21                                 sfr21        00000
__Hsfr22                                 sfr22        00000
__Hsfr23                                 sfr23        00000
__Hsfr24                                 sfr24        00000
__Hsfr25                                 sfr25        00000
__Hsfr26                                 sfr26        00000
__Hsfr27                                 sfr27        00000
__Hsfr28                                 sfr28        00000
__Hsfr29                                 sfr29        00000
__Hsfr3                                  sfr3         00000
__Hsfr30                                 sfr30        00000
__Hsfr31                                 sfr31        00000
__Hsfr4                                  sfr4         00000
__Hsfr5                                  sfr5         00000
__Hsfr6                                  sfr6         00000
__Hsfr7                                  sfr7         00000
__Hsfr8                                  sfr8         00000
__Hsfr9                                  sfr9         00000
__Hsivt                                  sivt         0002B
__Hspace_0                               (abs)        00528
__Hspace_1                               (abs)        0015A
__Hspace_2                               (abs)        00000
__Hspace_3                               (abs)        00000
__Hspace_4                               (abs)        10010
__Hstack                                 stack        00000
__Hstrings                               strings      00000
__Hstringtext1                           stringtext1  00000
__Hstringtext2                           stringtext2  00000
__Hstringtext3                           stringtext3  00000
__Hstringtext4                           stringtext4  00000
__Htext                                  text         00000
__L__absolute__                          __absolute__ 00000
__Labs1                                  abs1         00000
__Lbank0                                 bank0        00000
__Lbank1                                 bank1        00000
__Lbank10                                bank10       00000
__Lbank11                                bank11       00000
__Lbank12                                bank12       00000
__Lbank13                                bank13       00000
__Lbank14                                bank14       00000
__Lbank15                                bank15       00000
__Lbank16                                bank16       00000
__Lbank17                                bank17       00000
__Lbank18                                bank18       00000
__Lbank19                                bank19       00000
__Lbank2                                 bank2        00000
__Lbank20                                bank20       00000
__Lbank21                                bank21       00000
__Lbank22                                bank22       00000
__Lbank23                                bank23       00000
__Lbank24                                bank24       00000
__Lbank25                                bank25       00000
__Lbank26                                bank26       00000
__Lbank27                                bank27       00000
__Lbank28                                bank28       00000
__Lbank29                                bank29       00000
__Lbank3                                 bank3        00000
__Lbank30                                bank30       00000
__Lbank31                                bank31       00000
__Lbank4                                 bank4        00000
__Lbank5                                 bank5        00000
__Lbank6                                 bank6        00000
__Lbank7                                 bank7        00000
__Lbank8                                 bank8        00000
__Lbank9                                 bank9        00000
__Lbigram                                bigram       00000
__LbssBANK1                              bssBANK1     00000
__Lcinit                                 cinit        0002D
__Lclrtext                               clrtext      00000
__Lcode                                  code         00000
__Lcommon                                common       00000
__Lconfig                                config       00000
__LcstackBANK0                           cstackBANK0  00000
__LcstackBANK2                           cstackBANK2  00000
__LcstackCOMMON                          cstackCOMMON 00000
__LdataBANK0                             dataBANK0    00000
__LdataBANK1                             dataBANK1    00000
__LdataCOMMON                            dataCOMMON   00000
__Leeprom_data                           eeprom_data  00000
__Lend_init                              end_init     0002B
__Lfunctab                               functab      00000
__Lheap                                  heap         00000
__LidataBANK0                            idataBANK0   00000
__LidataBANK1                            idataBANK1   00000
__LidataCOMMON                           idataCOMMON  00000
__Linit                                  init         0002B
__Linittext                              inittext     00000
__Lintentry                              intentry     00004
__Lmaintext                              maintext     00000
__LnvBANK1                               nvBANK1      00000
__Lpowerup                               powerup      00000
__Lram                                   ram          00000
__Lreset_vec                             reset_vec    00000
__Lsfr0                                  sfr0         00000
__Lsfr1                                  sfr1         00000
__Lsfr10                                 sfr10        00000
__Lsfr11                                 sfr11        00000
__Lsfr12                                 sfr12        00000
__Lsfr13                                 sfr13        00000
__Lsfr14                                 sfr14        00000
__Lsfr15                                 sfr15        00000
__Lsfr16                                 sfr16        00000
__Lsfr17                                 sfr17        00000
__Lsfr18                                 sfr18        00000
__Lsfr19                                 sfr19        00000
__Lsfr2                                  sfr2         00000
__Lsfr20                                 sfr20        00000
__Lsfr21                                 sfr21        00000
__Lsfr22                                 sfr22        00000
__Lsfr23                                 sfr23        00000
__Lsfr24                                 sfr24        00000
__Lsfr25                                 sfr25        00000
__Lsfr26                                 sfr26        00000
__Lsfr27                                 sfr27        00000
__Lsfr28                                 sfr28        00000
__Lsfr29                                 sfr29        00000
__Lsfr3                                  sfr3         00000
__Lsfr30                                 sfr30        00000
__Lsfr31                                 sfr31        00000
__Lsfr4                                  sfr4         00000
__Lsfr5                                  sfr5         00000
__Lsfr6                                  sfr6         00000
__Lsfr7                                  sfr7         00000
__Lsfr8                                  sfr8         00000
__Lsfr9                                  sfr9         00000
__Lsivt                                  sivt         0002B
__Lspace_0                               (abs)        00000
__Lspace_1                               (abs)        00000
__Lspace_2                               (abs)        00000
__Lspace_3                               (abs)        00000
__Lspace_4                               (abs)        00000
__Lstack                                 stack        00000
__Lstrings                               strings      00000
__Lstringtext1                           stringtext1  00000
__Lstringtext2                           stringtext2  00000
__Lstringtext3                           stringtext3  00000
__Lstringtext4                           stringtext4  00000
__Ltext                                  text         00000
__S0                                     (abs)        00528
__S1                                     (abs)        0015A
___awdiv                                 text2        00271
___awdiv@counter                         cstackBANK0  00030
___awdiv@dividend                        cstackBANK0  0002E
___awdiv@divisor                         cstackBANK0  0002C
___awdiv@quotient                        cstackBANK0  00032
___awdiv@sign                            cstackBANK0  00031
___heap_hi                               (abs)        00000
___heap_lo                               (abs)        00000
___int_sp                                stack        00000
___int_stack_hi                          stack        00000
___int_stack_lo                          stack        00000
___latbits                               (abs)        00002
___sp                                    stack        00000
___stack_hi                              stack        00000
___stack_lo                              stack        00000
___stackhi                               (abs)        00000
___stacklo                               (abs)        00000
__end_of_CLOCK_Initialize                text9        0047D
__end_of_I2C1_AckSend                    text38       00505
__end_of_I2C1_BusReset                   text44       0050D
__end_of_I2C1_Close                      text40       0041B
__end_of_I2C1_DataReceive                text37       0051F
__end_of_I2C1_DataTransmit               text32       004E5
__end_of_I2C1_ERROR_ISR                  text20       004F5
__end_of_I2C1_EVENT_ERROR                text24       004D5
__end_of_I2C1_EVENT_IDLE                 text29       004F9
__end_of_I2C1_EVENT_NACK                 text25       004DB
__end_of_I2C1_EVENT_RESET                text22       004AA
__end_of_I2C1_EVENT_RX                   text26       00355
__end_of_I2C1_EVENT_SEND_RD_ADDR         text28       00495
__end_of_I2C1_EVENT_SEND_WR_ADDR         text27       004B1
__end_of_I2C1_EVENT_STOP                 text23       0048D
__end_of_I2C1_EVENT_TX                   text30       00382
__end_of_I2C1_ErrorEventHandler          text21       003EB
__end_of_I2C1_ErrorInterruptClear        text43       00528
__end_of_I2C1_EventHandler               text16       0031B
__end_of_I2C1_Host                       stringtext1  0042F
__end_of_I2C1_ISR                        text15       004F1
__end_of_I2C1_Initialize                 text7        00450
__end_of_I2C1_InterruptClear             text42       00525
__end_of_I2C1_InterruptsEnable           text8        004ED
__end_of_I2C1_IsAddr                     text19       004A3
__end_of_I2C1_IsBusy                     text13       00513
__end_of_I2C1_IsData                     text18       004E0
__end_of_I2C1_IsNack                     text17       004CF
__end_of_I2C1_IsRxBufFull                text36       00501
__end_of_I2C1_NackSend                   text35       004FD
__end_of_I2C1_ReceiveEnable              text34       0051C
__end_of_I2C1_RestartDisable             text33       00519
__end_of_I2C1_RestartEnable              text31       00516
__end_of_I2C1_StartSend                  text12       00510
__end_of_I2C1_StatusFlagsClear           text41       00509
__end_of_I2C1_StopSend                   text39       00522
__end_of_I2C1_Write                      text10       003AD
__end_of_I2C1_WriteStart                 text11       0049C
__end_of_INTERRUPT_Initialize            text5        00474
__end_of_INTERRUPT_InterruptManager      intentry     0002B
__end_of_INT_SetInterruptHandler         text6        004C9
__end_of_PIN_MANAGER_Initialize          text4        003CE
__end_of_SYSTEM_Initialize               text3        0045D
__end_of___awdiv                         text2        002CD
__end_of__initialization                 cinit        00059
__end_of_i2c1_eventTable                 stringtext2  00441
__end_of_main                            maintext     00271
__end_of_strlen                          text1        00406
__initialization                         cinit        0002D
__pbssBANK1                              bssBANK1     000A0
__pcstackBANK0                           cstackBANK0  0002C
__pcstackBANK2                           cstackBANK2  00120
__pcstackCOMMON                          cstackCOMMON 00070
__pdataBANK0                             dataBANK0    00020
__pdataBANK1                             dataBANK1    000D0
__pdataCOMMON                            dataCOMMON   00076
__pidataBANK0                            idataBANK0   0045D
__pidataBANK1                            idataBANK1   004B1
__pidataCOMMON                           idataCOMMON  004E5
__pintentry                              intentry     00004
__pmaintext                              maintext     0005D
__pnvBANK1                               nvBANK1      000D6
__pstringtext1                           stringtext1  0041B
__pstringtext2                           stringtext2  0042F
__pstringtext3                           stringtext3  0047D
__pstringtext4                           stringtext4  00000
__ptext1                                 text1        003EB
__ptext10                                text10       00382
__ptext11                                text11       00495
__ptext12                                text12       0050D
__ptext13                                text13       00510
__ptext15                                text15       004ED
__ptext16                                text16       002CD
__ptext17                                text17       004C9
__ptext18                                text18       004DB
__ptext19                                text19       0049C
__ptext2                                 text2        00271
__ptext20                                text20       004F1
__ptext21                                text21       003CE
__ptext22                                text22       004A3
__ptext23                                text23       00485
__ptext24                                text24       004CF
__ptext25                                text25       004D5
__ptext26                                text26       0031B
__ptext27                                text27       004AA
__ptext28                                text28       0048D
__ptext29                                text29       004F5
__ptext3                                 text3        00450
__ptext30                                text30       00355
__ptext31                                text31       00513
__ptext32                                text32       004E0
__ptext33                                text33       00516
__ptext34                                text34       00519
__ptext35                                text35       004F9
__ptext36                                text36       004FD
__ptext37                                text37       0051C
__ptext38                                text38       00501
__ptext39                                text39       0051F
__ptext4                                 text4        003AD
__ptext40                                text40       00406
__ptext41                                text41       00505
__ptext42                                text42       00522
__ptext43                                text43       00525
__ptext44                                text44       00509
__ptext5                                 text5        00469
__ptext6                                 text6        004C3
__ptext7                                 text7        00441
__ptext8                                 text8        004E9
__ptext9                                 text9        00474
_i2c1Status                              bssBANK1     000C0
_i2c1_eventTable                         stringtext2  0042F
_main                                    maintext     0005D
_strlen                                  text1        003EB
btemp                                    (abs)        0007E
btemp0                                   (abs)        0007E
btemp1                                   (abs)        0007F
clear_ram0                               clrtext      004BD
end_of_initialization                    cinit        00059
init_ram                                 inittext     004B7
int$flags                                (abs)        0007E
intlevel0                                functab      00000
intlevel1                                functab      00000
intlevel2                                functab      00000
intlevel3                                functab      00000
intlevel4                                functab      00000
intlevel5                                functab      00000
ltemp0a                                  (abs)        00080
main@F2646                               dataCOMMON   00078
main@F2648                               dataCOMMON   00076
main@F2650                               dataBANK0    0002A
main@F2652                               dataBANK0    00028
main@F2654                               dataBANK0    00026
main@F2656                               dataBANK0    00024
main@F2658                               dataBANK0    00022
main@F2660                               dataBANK0    00020
main@F2662                               dataBANK1    000D4
main@F2664                               dataBANK1    000D2
main@F2666                               dataBANK1    000D0
main@data11                              cstackBANK2  0014A
main@data2                               cstackBANK2  00144
main@data20                              cstackBANK2  0014E
main@data21                              cstackBANK2  00150
main@data22                              cstackBANK2  00152
main@data23                              cstackBANK2  00154
main@data4                               cstackBANK2  00140
main@data5                               cstackBANK2  00142
main@data7                               cstackBANK2  00148
main@data8                               cstackBANK2  0014C
main@data9                               cstackBANK2  00146
main@dispstr                             cstackBANK2  00156
main@str_with_ctrl_bytes                 cstackBANK2  00120
main@x                                   cstackBANK2  00158
reset_vec                                reset_vec    00000
start                                    init         0002B
start_initialization                     cinit        0002D
strlen@a                                 cstackBANK0  0002D
strlen@s                                 cstackCOMMON 00074
ttemp0a                                  (abs)        0007F
wtemp0                                   (abs)        0007E
wtemp0a                                  (abs)        0007F


MODULE INFORMATION

Module		Function		Class		Link	Load	Size
mcc_generated_files/system/src/interrupt.c
		_INT_SetInterruptHandler		CODE           	04C3	0000	6
		_INTERRUPT_Initialize		CODE           	0469	0000	11
		_INTERRUPT_InterruptManager		CODE           	0004	0000	39

mcc_generated_files/system/src/interrupt.c estimated size: 56

C:\Program Files\Microchip\xc8\v3.10\pic\sources\c99\common\awdiv.c
		___awdiv       		CODE           	0271	0000	92

C:\Program Files\Microchip\xc8\v3.10\pic\sources\c99\common\awdiv.c estimated size: 92

mcc_generated_files/system/src/pins.c
		_PIN_MANAGER_Initialize		CODE           	03AD	0000	33

mcc_generated_files/system/src/pins.c estimated size: 33

shared
		__initialization		CODE           	002D	0000	44
		_I2C1_Host     		STRCODE        	0000	0000	0
		_i2c1_eventTable		STRCODE        	042F	0000	18

shared estimated size: 62

C:\Program Files\Microchip\xc8\v3.10\pic\sources\c99\common\strlen.c
		_strlen        		CODE           	03EB	0000	27

C:\Program Files\Microchip\xc8\v3.10\pic\sources\c99\common\strlen.c estimated size: 27

mcc_generated_files/system/src/clock.c
		_CLOCK_Initialize		CODE           	0474	0000	9

mcc_generated_files/system/src/clock.c estimated size: 9

mcc_generated_files/i2c_host/src/mssp.c
		_I2C1_EVENT_SEND_WR_ADDR		CODE           	04AA	0000	7
		_I2C1_NackSend 		CODE           	04F9	0000	4
		_I2C1_ErrorEventHandler		CODE           	03CE	0000	29
		_I2C1_EVENT_RESET		CODE           	04A3	0000	7
		_I2C1_EVENT_ERROR		CODE           	04CF	0000	6
		_I2C1_ErrorInterruptClear		CODE           	0525	0000	3
		_I2C1_StatusFlagsClear		CODE           	0505	0000	4
		_I2C1_InterruptsEnable		CODE           	04E9	0000	4
		_I2C1_InterruptClear		CODE           	0522	0000	3
		_I2C1_WriteStart		CODE           	0495	0000	7
		_I2C1_EVENT_RX 		CODE           	031B	0000	58
		_I2C1_EVENT_TX 		CODE           	0355	0000	45
		_I2C1_ReceiveEnable		CODE           	0519	0000	3
		_I2C1_RestartEnable		CODE           	0513	0000	3
		_I2C1_ISR      		CODE           	04ED	0000	4
		_I2C1_EventHandler		CODE           	02CD	0000	78
		_I2C1_DataReceive		CODE           	051C	0000	3
		_I2C1_IsData   		CODE           	04DB	0000	5
		_I2C1_IsNack   		CODE           	04C9	0000	6
		_I2C1_IsAddr   		CODE           	049C	0000	7
		_I2C1_IsBusy   		CODE           	0510	0000	3
		_I2C1_EVENT_IDLE		CODE           	04F5	0000	4
		_I2C1_EVENT_NACK		CODE           	04D5	0000	6
		_I2C1_EVENT_SEND_RD_ADDR		CODE           	048D	0000	8
		_I2C1_EVENT_STOP		CODE           	0485	0000	8
		_I2C1_BusReset 		CODE           	0509	0000	4
		_I2C1_Initialize		CODE           	0441	0000	15
		_I2C1_Close    		CODE           	0406	0000	21
		_I2C1_ERROR_ISR		CODE           	04F1	0000	4
		_I2C1_IsRxBufFull		CODE           	04FD	0000	4
		_I2C1_Write    		CODE           	0382	0000	43
		_I2C1_StopSend 		CODE           	051F	0000	3
		_I2C1_RestartDisable		CODE           	0516	0000	3
		_I2C1_DataTransmit		CODE           	04E0	0000	5
		_I2C1_AckSend  		CODE           	0501	0000	4
		_I2C1_StartSend		CODE           	050D	0000	3

mcc_generated_files/i2c_host/src/mssp.c estimated size: 424

main.c
		_main          		CODE           	005D	0000	532

main.c estimated size: 532

mcc_generated_files/system/src/system.c
		_SYSTEM_Initialize		CODE           	0450	0000	13

mcc_generated_files/system/src/system.c estimated size: 13

